#!/bin/bash
set -e
cd "${0%/*}" || exit
. ${WM_PROJECT_DIR:?}/bin/tools/RunFunctions
stop_monitor() {
    if [ -n "${MONITOR_PID:-}" ]; then
        kill "$MONITOR_PID" 2>/dev/null || true
        wait "$MONITOR_PID" 2>/dev/null || true
        MONITOR_PID=
    fi
}
trap stop_monitor EXIT
trap 'exit 130' INT
trap 'exit 143' TERM


echo "Case: $(basename "$PWD") | Cores: 10 | Iters: 1500"

# Restore stopAt in case convergence monitor changed it on a previous run
if [ -f system/controlDict ]; then
    sed -i 's/stopAt.*writeNow/stopAt          endTime/' system/controlDict
fi

# Configure Open MPI to use node-local storage for shared memory backing files
if [ -d "/dev/shm" ] && [ -w "/dev/shm" ]; then
    export OMPI_MCA_orte_tmpdir_base="/dev/shm"
    export OMPI_MCA_pmix_server_tmpdir="/dev/shm"
elif [ -d "/tmp" ] && [ -w "/tmp" ]; then
    export OMPI_MCA_orte_tmpdir_base="/tmp"
    export OMPI_MCA_pmix_server_tmpdir="/tmp"
fi
export OMPI_MCA_shmem_mmap_enable_nfs_warning=0

# --- Surface integrity check (surfaceCheck) ---
: > log.surfaceCheck
for stl in constant/triSurface/*.stl; do
    echo "surfaceCheck: $stl" >> log.surfaceCheck
    surfaceCheck -checkSelfIntersection "$stl" >> log.surfaceCheck 2>&1
done
echo "Surface check: report-only (surface_check.enforce is off) - see log.surfaceCheck."


# Mesh
runApplication surfaceFeatureExtract
runApplication blockMesh
runApplication decomposePar
runParallel snappyHexMesh -overwrite -noFunctionObjects
if [ -f system/snappyHexMeshDict_layering ]; then
    runParallel -s layering snappyHexMesh -overwrite -noFunctionObjects -dict system/snappyHexMeshDict_layering
fi
runParallel checkMesh -allGeometry -allTopology -noFunctionObjects
runApplication reconstructParMesh -constant
rm -rf processor*
runApplication renumberMesh -overwrite -noFunctionObjects

# Solve
runApplication -s solver decomposePar
# potentialFoam only initialises the flow field; a failure is non-fatal but is
# surfaced so a poor start field is not later mistaken for a solver problem.
if ! runParallel -s potential potentialFoam -noFunctionObjects; then
    echo "WARNING: potentialFoam failed (see log.potentialFoam) — continuing with the default initial field." >&2
fi

# Start convergence monitor in background (auto-stops solver when converged)
python3 ./convergence_monitor.py > log.convergenceMonitor 2>&1 &
MONITOR_PID=$!

SOLVER_STATUS=0
runParallel simpleFoam || SOLVER_STATUS=$?

# Stop monitor if still running
stop_monitor

# Always reconstruct (even if solver was interrupted)
if runApplication reconstructPar; then
    rm -rf processor*
else
    echo "Reconstruction failed; processor results have been preserved." >&2
    [ "$SOLVER_STATUS" -ne 0 ] || SOLVER_STATUS=1
fi

[ "$SOLVER_STATUS" -ne 0 ] || echo "Done. Results in $(pwd)"
exit "$SOLVER_STATUS"
