/*--------------------------------*- C++ -*----------------------------------*\
| =========                 |                                                 |
| \\      /  F ield         | OpenFOAM: The Open Source CFD Toolbox           |
|  \\    /   O peration     | Version:  v2606                                 |
|   \\  /    A nd           | Website:  www.openfoam.com                      |
|    \\/     M anipulation  |                                                 |
\*---------------------------------------------------------------------------*/
FoamFile
{
    version     2.0;
    format      ascii;
    class       dictionary;
    object      snappyHexMeshDict;
}
// * * * * * * * * * * * * * * * * * * * * * * * * * * * * * * * * * * * * * //
castellatedMesh true;
snap            true;
addLayers       true;

geometry
{
    body.stl { type triSurfaceMesh; name body; }
    nearWakeBox { type searchableBox; min (0.0 -0.01 -3.6); max (1.15 1.25 1.2); }
    farWakeBox { type searchableBox; min (0.0 -0.01 -10.5); max (1.3 1.4 0.0); }
}

castellatedMeshControls
{
    maxLocalCells       2000000;
    maxGlobalCells      20000000;
    minRefinementCells  10;
    maxLoadUnbalance    0.25;
    nCellsBetweenLevels 2;

    features
    (
        { file "body.eMesh"; level 6; }
    );

    refinementSurfaces
    {
        body { level (4 5); patchInfo { type wall; } }
    }

    resolveFeatureAngle 35;

    refinementRegions
    {
        body { mode distance; levels ((0.025 4) (0.08 3)); }
        nearWakeBox { mode inside; levels ((1e15 3)); }
        farWakeBox { mode inside; levels ((1e15 1)); }
    }

    locationInMesh (4.7500 4.7500 13.0500);
    allowFreeStandingZoneFaces true;
}

snapControls
{
    nSmoothPatch        5;
    tolerance           2.0;
    nSolveIter          200;
    nRelaxIter          10;
    nFeatureSnapIter    15;
    implicitFeatureSnap true;
    explicitFeatureSnap true;
    multiRegionFeatureSnap false;
}

addLayersControls
{
    relativeSizes       false;
    layers
    {
        "body" { nSurfaceLayers 8; }
    }
    expansionRatio          1.2;
    firstLayerThickness     0.0011805798182942158;
    minThickness            0.0011805798182942158;
    nGrow                   0;
    featureAngle            170;
    slipFeatureAngle        30;
    maxFaceThicknessRatio   0.5;
    nSmoothSurfaceNormals   3;
    nSmoothThickness        15;
    nSmoothNormals          3;
    nRelaxIter              10;
    nBufferCellsNoExtrude   0;
    nLayerIter              50;
    maxAlignedCells         200000;
    minMedialAxisAngle      90;
    maxThicknessToMedialRatio 0.3;
    nMedialAxisIter         10;
    nSmoothDisplacement     0;
    detectExtrusionIsland   true;
    nRelaxedIter            20;
}

meshQualityControls
{
    maxNonOrtho         60;
    maxBoundarySkewness 20;
    maxInternalSkewness 3.5;
    maxConcave          80;
    minVol              1e-13;
    minTetQuality       1e-15;
    minArea             -1;
    minTwist            0.02;
    minDeterminant      0.001;
    minFaceWeight       0.05;
    minVolRatio         0.01;
    minTriangleTwist    -1;
    nSmoothScale        6;
    errorReduction      0.75;

    relaxed
    {
        maxNonOrtho     70;
        maxBoundarySkewness 25;
        maxInternalSkewness 5;
        maxConcave      85;
        minVol          1e-13;
        minTetQuality   1e-30;
        minArea         -1;
        minTwist        0.001;
        minDeterminant  0.0005;
        minFaceWeight   0.02;
        minVolRatio     0.005;
        minTriangleTwist -1;
    }
}


writeFlags ( scalarLevels layerSets layerFields );
mergeTolerance 1e-6;


// ************************************************************************* //
